{"apiVersion":"tekton.dev/v1beta1","kind":"Pipeline","metadata":{"annotations":{"operator.tekton.dev/preserve-namespace":"true","pipeline.openshift.io/supported-versions":"[7.2,7.3]"},"labels":{"pipeline.openshift.io/runtime":"php","pipeline.openshift.io/type":"openshift"},"name":"s2i-php-pr","namespace":"openshift"},"spec":{"params":[{"name":"APP_NAME","type":"string"},{"name":"MINOR_VERSION","type":"string"}],"resources":[{"name":"app-source","type":"git"},{"name":"app-image","type":"image"}],"tasks":[{"name":"build","params":[{"name":"TLSVERIFY","value":"false"},{"name":"MINOR_VERSION","value":"$(params.MINOR_VERSION)"}],"resources":{"inputs":[{"name":"source","resource":"app-source"}],"outputs":[{"name":"image","resource":"app-image"}]},"taskRef":{"kind":"ClusterTask","name":"s2i-php-pr"}},{"name":"deploy","params":[{"name":"ARGS","value":["rollout","status","dc/$(params.APP_NAME)"]}],"runAfter":["build"],"taskRef":{"kind":"ClusterTask","name":"openshift-client"}}]}}
